Component: ARM Compiler 5.06 update 6 (build 750) Tool: armlink [4d35ed]

==============================================================================

Section Cross References

    startup.o(STACK) refers (Special) to heapauxi.o(.text) for __use_two_region_memory
    startup.o(HEAP) refers (Special) to heapauxi.o(.text) for __use_two_region_memory
    startup.o(RESET) refers (Special) to heapauxi.o(.text) for __use_two_region_memory
    startup.o(RESET) refers to startup.o(STACK) for Stack_Top
    startup.o(RESET) refers to __main.o(!!!main) for __main
    startup.o(.text) refers (Special) to heapauxi.o(.text) for __use_two_region_memory
    startup.o(.text) refers to startup.o(HEAP) for Heap_Mem
    startup.o(.text) refers to startup.o(STACK) for Stack_Mem
    main.o(i.AD0ISR) refers to _printf_pad.o(.text) for _printf_pre_padding
    main.o(i.AD0ISR) refers to _printf_percent.o(.ARM.Collect$$_printf_percent$$00000000) for _printf_percent
    main.o(i.AD0ISR) refers to _printf_d.o(.ARM.Collect$$_printf_percent$$00000009) for _printf_d
    main.o(i.AD0ISR) refers to _printf_dec.o(.text) for _printf_int_dec
    main.o(i.AD0ISR) refers to noretval__2sprintf.o(.text) for __2sprintf
    main.o(i.AD0ISR) refers to main.o(i.lcdDisplay) for lcdDisplay
    main.o(i.AD0ISR) refers to main.o(.data) for count
    main.o(i.AD0ISR) refers to main.o(.bss) for buff
    main.o(i.lcdDisplay) refers to main.o(i.sendCommand) for sendCommand
    main.o(i.lcdDisplay) refers to main.o(i.sendData) for sendData
    main.o(i.lcdInit) refers to main.o(i.sendCommand) for sendCommand
    main.o(i.main) refers to main.o(i.lcdInit) for lcdInit
    main.o(i.main) refers to main.o(i.AD0ISR) for AD0ISR
    main.o(i.sendCommand) refers to main.o(i.delay) for delay
    main.o(i.sendData) refers to main.o(i.delay) for delay
    __2sprintf.o(.text) refers to _printf_char_common.o(.text) for _printf_char_common
    __2sprintf.o(.text) refers to _sputc.o(.text) for _sputc
    noretval__2sprintf.o(.text) refers to _printf_char_common.o(.text) for _printf_char_common
    noretval__2sprintf.o(.text) refers to _sputc.o(.text) for _sputc
    __printf.o(.text) refers to __printf.o(i.__ARM_common_call_via_r1) for __ARM_common_call_via_r1
    __printf.o(.text) refers to _printf_percent.o(.ARM.Collect$$_printf_percent$$00000000) for _printf_percent
    __printf.o(.text) refers to __printf.o(i.__ARM_common_call_via_r2) for __ARM_common_call_via_r2
    _printf_pad.o(.text) refers to __printf.o(i.__ARM_common_call_via_r2) for __ARM_common_call_via_r2
    _printf_dec.o(.text) refers to rtudiv10.o(.text) for __rt_udiv10
    _printf_dec.o(.text) refers to _printf_intcommon.o(.text) for _printf_int_common
    __printf_flags.o(.text) refers to __printf.o(i.__ARM_common_call_via_r1) for __ARM_common_call_via_r1
    __printf_flags.o(.text) refers to _printf_percent.o(.ARM.Collect$$_printf_percent$$00000000) for _printf_percent
    __printf_flags.o(.text) refers to __printf.o(i.__ARM_common_call_via_r2) for __ARM_common_call_via_r2
    __printf_flags.o(.text) refers to __printf_flags.o(.constdata) for .constdata
    __printf_ss.o(.text) refers to __printf.o(i.__ARM_common_call_via_r1) for __ARM_common_call_via_r1
    __printf_ss.o(.text) refers to _printf_percent.o(.ARM.Collect$$_printf_percent$$00000000) for _printf_percent
    __printf_ss.o(.text) refers to __printf.o(i.__ARM_common_call_via_r2) for __ARM_common_call_via_r2
    __printf_flags_ss.o(.text) refers to __printf.o(i.__ARM_common_call_via_r1) for __ARM_common_call_via_r1
    __printf_flags_ss.o(.text) refers to _printf_percent.o(.ARM.Collect$$_printf_percent$$00000000) for _printf_percent
    __printf_flags_ss.o(.text) refers to __printf.o(i.__ARM_common_call_via_r2) for __ARM_common_call_via_r2
    __printf_flags_ss.o(.text) refers to __printf_flags_ss.o(.constdata) for .constdata
    __printf_wp.o(.text) refers to __printf.o(i.__ARM_common_call_via_r1) for __ARM_common_call_via_r1
    __printf_wp.o(.text) refers to __printf_wp.o(i._is_digit) for _is_digit
    __printf_wp.o(.text) refers to _printf_percent.o(.ARM.Collect$$_printf_percent$$00000000) for _printf_percent
    __printf_wp.o(.text) refers to __printf.o(i.__ARM_common_call_via_r2) for __ARM_common_call_via_r2
    __printf_flags_wp.o(.text) refers to __printf.o(i.__ARM_common_call_via_r1) for __ARM_common_call_via_r1
    __printf_flags_wp.o(.text) refers to __printf_wp.o(i._is_digit) for _is_digit
    __printf_flags_wp.o(.text) refers to _printf_percent.o(.ARM.Collect$$_printf_percent$$00000000) for _printf_percent
    __printf_flags_wp.o(.text) refers to __printf.o(i.__ARM_common_call_via_r2) for __ARM_common_call_via_r2
    __printf_flags_wp.o(.text) refers to __printf_flags_wp.o(.constdata) for .constdata
    __printf_ss_wp.o(.text) refers to __printf.o(i.__ARM_common_call_via_r1) for __ARM_common_call_via_r1
    __printf_ss_wp.o(.text) refers to __printf_wp.o(i._is_digit) for _is_digit
    __printf_ss_wp.o(.text) refers to _printf_percent.o(.ARM.Collect$$_printf_percent$$00000000) for _printf_percent
    __printf_ss_wp.o(.text) refers to __printf.o(i.__ARM_common_call_via_r2) for __ARM_common_call_via_r2
    __printf_flags_ss_wp.o(.text) refers to __printf.o(i.__ARM_common_call_via_r1) for __ARM_common_call_via_r1
    __printf_flags_ss_wp.o(.text) refers to __printf_wp.o(i._is_digit) for _is_digit
    __printf_flags_ss_wp.o(.text) refers to _printf_percent.o(.ARM.Collect$$_printf_percent$$00000000) for _printf_percent
    __printf_flags_ss_wp.o(.text) refers to __printf.o(i.__ARM_common_call_via_r2) for __ARM_common_call_via_r2
    __printf_flags_ss_wp.o(.text) refers to __printf_flags_ss_wp.o(.constdata) for .constdata
    _printf_d.o(.ARM.Collect$$_printf_percent$$00000009) refers (Weak) to _printf_dec.o(.text) for _printf_int_dec
    _printf_percent.o(.ARM.Collect$$_printf_percent$$00000000) refers (Special) to _printf_percent_end.o(.ARM.Collect$$_printf_percent$$00000017) for _printf_percent_end
    __main.o(!!!main) refers to __rtentry.o(.ARM.Collect$$rtentry$$00000000) for __rt_entry
    __rtentry.o(.ARM.Collect$$rtentry$$00000000) refers (Special) to __rtentry2.o(.ARM.Collect$$rtentry$$0000000A) for __rt_entry_li
    __rtentry.o(.ARM.Collect$$rtentry$$00000000) refers (Special) to __rtentry2.o(.ARM.Collect$$rtentry$$0000000D) for __rt_entry_main
    __rtentry.o(.ARM.Collect$$rtentry$$00000000) refers (Special) to __rtentry2.o(.ARM.Collect$$rtentry$$0000000C) for __rt_entry_postli_1
    __rtentry.o(.ARM.Collect$$rtentry$$00000000) refers (Special) to __rtentry2.o(.ARM.Collect$$rtentry$$00000009) for __rt_entry_postsh_1
    __rtentry.o(.ARM.Collect$$rtentry$$00000000) refers (Special) to __rtentry2.o(.ARM.Collect$$rtentry$$00000002) for __rt_entry_presh_1
    __rtentry.o(.ARM.Collect$$rtentry$$00000000) refers (Special) to __rtentry4.o(.ARM.Collect$$rtentry$$00000004) for __rt_entry_sh
    _printf_intcommon.o(.text) refers (Weak) to _printf_pad.o(.text) for _printf_pre_padding
    _printf_intcommon.o(.text) refers to __printf.o(i.__ARM_common_call_via_r2) for __ARM_common_call_via_r2
    _printf_intcommon.o(.text) refers (Weak) to _printf_pad.o(.text) for _printf_pre_padding
    _printf_intcommon.o(.text) refers (Weak) to _printf_pad.o(.text) for _printf_post_padding
    _printf_char_common.o(.text) refers to __printf_flags_wp.o(.text) for __printf
    __rtentry2.o(.ARM.Collect$$rtentry$$00000008) refers to boardinit2.o(.text) for _platform_post_stackheap_init
    __rtentry2.o(.ARM.Collect$$rtentry$$0000000A) refers to libinit.o(.ARM.Collect$$libinit$$00000000) for __rt_lib_init
    __rtentry2.o(.ARM.Collect$$rtentry$$0000000B) refers to boardinit3.o(.text) for _platform_post_lib_init
    __rtentry2.o(.ARM.Collect$$rtentry$$0000000D) refers to exit.o(.text) for exit
    __rtentry2.o(.ARM.Collect$$rtentry$$0000000D) refers to main.o(i.main) for main
    __rtentry2.o(.ARM.exidx) refers to __rtentry2.o(.ARM.Collect$$rtentry$$00000001) for .ARM.Collect$$rtentry$$00000001
    __rtentry2.o(.ARM.exidx) refers to __rtentry2.o(.ARM.Collect$$rtentry$$00000008) for .ARM.Collect$$rtentry$$00000008
    __rtentry2.o(.ARM.exidx) refers to __rtentry2.o(.ARM.Collect$$rtentry$$0000000A) for .ARM.Collect$$rtentry$$0000000A
    __rtentry2.o(.ARM.exidx) refers to __rtentry2.o(.ARM.Collect$$rtentry$$0000000B) for .ARM.Collect$$rtentry$$0000000B
    __rtentry2.o(.ARM.exidx) refers to __rtentry2.o(.ARM.Collect$$rtentry$$0000000D) for .ARM.Collect$$rtentry$$0000000D
    __rtentry4.o(.ARM.Collect$$rtentry$$00000004) refers to sys_stackheap_outer.o(.text) for __user_setup_stackheap
    __rtentry4.o(.ARM.exidx) refers to __rtentry4.o(.ARM.Collect$$rtentry$$00000004) for .ARM.Collect$$rtentry$$00000004
    __printf_nopercent.o(.text) refers to __printf_nopercent.o(i.__ARM_common_call_via_r7) for __ARM_common_call_via_r7
    __printf_nopercent.o(.text) refers to __printf_nopercent.o(i.__ARM_common_call_via_r5) for __ARM_common_call_via_r5
    sys_stackheap_outer.o(.text) refers to libspace.o(.text) for __user_perproc_libspace
    sys_stackheap_outer.o(.text) refers to startup.o(.text) for __user_initial_stackheap
    exit.o(.text) refers to rtexit.o(.ARM.Collect$$rtexit$$00000000) for __rt_exit
    libinit.o(.ARM.Collect$$libinit$$00000000) refers (Special) to libinit2.o(.ARM.Collect$$libinit$$0000002E) for __rt_lib_init_alloca_1
    libinit.o(.ARM.Collect$$libinit$$00000000) refers (Special) to libinit2.o(.ARM.Collect$$libinit$$0000002C) for __rt_lib_init_argv_1
    libinit.o(.ARM.Collect$$libinit$$00000000) refers (Special) to libinit2.o(.ARM.Collect$$libinit$$0000001B) for __rt_lib_init_atexit_1
    libinit.o(.ARM.Collect$$libinit$$00000000) refers (Special) to libinit2.o(.ARM.Collect$$libinit$$00000021) for __rt_lib_init_clock_1
    libinit.o(.ARM.Collect$$libinit$$00000000) refers (Special) to libinit2.o(.ARM.Collect$$libinit$$00000032) for __rt_lib_init_cpp_1
    libinit.o(.ARM.Collect$$libinit$$00000000) refers (Special) to libinit2.o(.ARM.Collect$$libinit$$00000030) for __rt_lib_init_exceptions_1
    libinit.o(.ARM.Collect$$libinit$$00000000) refers (Special) to libinit2.o(.ARM.Collect$$libinit$$00000002) for __rt_lib_init_fp_1
    libinit.o(.ARM.Collect$$libinit$$00000000) refers (Special) to libinit2.o(.ARM.Collect$$libinit$$0000001F) for __rt_lib_init_fp_trap_1
    libinit.o(.ARM.Collect$$libinit$$00000000) refers (Special) to libinit2.o(.ARM.Collect$$libinit$$00000023) for __rt_lib_init_getenv_1
    libinit.o(.ARM.Collect$$libinit$$00000000) refers (Special) to libinit2.o(.ARM.Collect$$libinit$$0000000A) for __rt_lib_init_heap_1
    libinit.o(.ARM.Collect$$libinit$$00000000) refers (Special) to libinit2.o(.ARM.Collect$$libinit$$00000011) for __rt_lib_init_lc_collate_1
    libinit.o(.ARM.Collect$$libinit$$00000000) refers (Special) to libinit2.o(.ARM.Collect$$libinit$$00000013) for __rt_lib_init_lc_ctype_1
    libinit.o(.ARM.Collect$$libinit$$00000000) refers (Special) to libinit2.o(.ARM.Collect$$libinit$$00000015) for __rt_lib_init_lc_monetary_1
    libinit.o(.ARM.Collect$$libinit$$00000000) refers (Special) to libinit2.o(.ARM.Collect$$libinit$$00000017) for __rt_lib_init_lc_numeric_1
    libinit.o(.ARM.Collect$$libinit$$00000000) refers (Special) to libinit2.o(.ARM.Collect$$libinit$$00000019) for __rt_lib_init_lc_time_1
    libinit.o(.ARM.Collect$$libinit$$00000000) refers (Special) to libinit2.o(.ARM.Collect$$libinit$$00000004) for __rt_lib_init_preinit_1
    libinit.o(.ARM.Collect$$libinit$$00000000) refers (Special) to libinit2.o(.ARM.Collect$$libinit$$0000000E) for __rt_lib_init_rand_1
    libinit.o(.ARM.Collect$$libinit$$00000000) refers (Special) to libinit2.o(.ARM.Collect$$libinit$$00000033) for __rt_lib_init_return
    libinit.o(.ARM.Collect$$libinit$$00000000) refers (Special) to libinit2.o(.ARM.Collect$$libinit$$0000001D) for __rt_lib_init_signal_1
    libinit.o(.ARM.Collect$$libinit$$00000000) refers (Special) to libinit2.o(.ARM.Collect$$libinit$$00000025) for __rt_lib_init_stdio_1
    libinit.o(.ARM.Collect$$libinit$$00000000) refers (Special) to libinit2.o(.ARM.Collect$$libinit$$0000000C) for __rt_lib_init_user_alloc_1
    libspace.o(.text) refers to libspace.o(.bss) for __libspace_start
    rtexit.o(.ARM.Collect$$rtexit$$00000000) refers (Special) to rtexit2.o(.ARM.Collect$$rtexit$$00000004) for __rt_exit_exit
    rtexit.o(.ARM.Collect$$rtexit$$00000000) refers (Special) to rtexit2.o(.ARM.Collect$$rtexit$$00000003) for __rt_exit_ls
    rtexit.o(.ARM.Collect$$rtexit$$00000000) refers (Special) to rtexit2.o(.ARM.Collect$$rtexit$$00000002) for __rt_exit_prels_1
    rtexit.o(.ARM.exidx) refers (Special) to rtexit2.o(.ARM.Collect$$rtexit$$00000004) for __rt_exit_exit
    rtexit.o(.ARM.exidx) refers (Special) to rtexit2.o(.ARM.Collect$$rtexit$$00000003) for __rt_exit_ls
    rtexit.o(.ARM.exidx) refers (Special) to rtexit2.o(.ARM.Collect$$rtexit$$00000002) for __rt_exit_prels_1
    rtexit.o(.ARM.exidx) refers to rtexit.o(.ARM.Collect$$rtexit$$00000000) for .ARM.Collect$$rtexit$$00000000
    libinit2.o(.ARM.Collect$$libinit$$00000001) refers to fpinit.o(x$fpl$fpinit) for _fp_init
    libinit2.o(.ARM.Collect$$libinit$$00000010) refers to libinit2.o(.ARM.Collect$$libinit$$0000000F) for .ARM.Collect$$libinit$$0000000F
    libinit2.o(.ARM.Collect$$libinit$$00000012) refers to libinit2.o(.ARM.Collect$$libinit$$0000000F) for .ARM.Collect$$libinit$$0000000F
    libinit2.o(.ARM.Collect$$libinit$$00000014) refers to libinit2.o(.ARM.Collect$$libinit$$0000000F) for .ARM.Collect$$libinit$$0000000F
    libinit2.o(.ARM.Collect$$libinit$$00000016) refers to libinit2.o(.ARM.Collect$$libinit$$0000000F) for .ARM.Collect$$libinit$$0000000F
    libinit2.o(.ARM.Collect$$libinit$$00000018) refers to libinit2.o(.ARM.Collect$$libinit$$0000000F) for .ARM.Collect$$libinit$$0000000F
    libinit2.o(.ARM.Collect$$libinit$$00000026) refers to argv_veneer.o(.emb_text) for __ARM_argv_veneer
    libinit2.o(.ARM.Collect$$libinit$$00000027) refers to argv_veneer.o(.emb_text) for __ARM_argv_veneer
    rtexit2.o(.ARM.Collect$$rtexit$$00000003) refers to libshutdown.o(.ARM.Collect$$libshutdown$$00000000) for __rt_lib_shutdown
    rtexit2.o(.ARM.Collect$$rtexit$$00000004) refers to sys_exit.o(.text) for _sys_exit
    rtexit2.o(.ARM.exidx) refers to rtexit2.o(.ARM.Collect$$rtexit$$00000001) for .ARM.Collect$$rtexit$$00000001
    rtexit2.o(.ARM.exidx) refers to rtexit2.o(.ARM.Collect$$rtexit$$00000003) for .ARM.Collect$$rtexit$$00000003
    rtexit2.o(.ARM.exidx) refers to rtexit2.o(.ARM.Collect$$rtexit$$00000004) for .ARM.Collect$$rtexit$$00000004
    argv_veneer.o(.emb_text) refers to no_argv.o(.text) for __ARM_get_argv
    sys_exit.o(.text) refers (Special) to use_no_semi.o(.text) for __I$use$semihosting
    sys_exit.o(.text) refers (Special) to indicate_semi.o(.text) for __semihosting_library_function
    _get_argv_nomalloc.o(.text) refers (Special) to hrguard.o(.text) for __heap_region$guard
    _get_argv_nomalloc.o(.text) refers to defsig_rtmem_outer.o(.text) for __rt_SIGRTMEM
    _get_argv_nomalloc.o(.text) refers to sys_command.o(.text) for _sys_command_string
    libshutdown.o(.ARM.Collect$$libshutdown$$00000000) refers (Special) to libshutdown2.o(.ARM.Collect$$libshutdown$$00000002) for __rt_lib_shutdown_cpp_1
    libshutdown.o(.ARM.Collect$$libshutdown$$00000000) refers (Special) to libshutdown2.o(.ARM.Collect$$libshutdown$$00000007) for __rt_lib_shutdown_fp_trap_1
    libshutdown.o(.ARM.Collect$$libshutdown$$00000000) refers (Special) to libshutdown2.o(.ARM.Collect$$libshutdown$$0000000F) for __rt_lib_shutdown_heap_1
    libshutdown.o(.ARM.Collect$$libshutdown$$00000000) refers (Special) to libshutdown2.o(.ARM.Collect$$libshutdown$$00000010) for __rt_lib_shutdown_return
    libshutdown.o(.ARM.Collect$$libshutdown$$00000000) refers (Special) to libshutdown2.o(.ARM.Collect$$libshutdown$$0000000A) for __rt_lib_shutdown_signal_1
    libshutdown.o(.ARM.Collect$$libshutdown$$00000000) refers (Special) to libshutdown2.o(.ARM.Collect$$libshutdown$$00000004) for __rt_lib_shutdown_stdio_1
    libshutdown.o(.ARM.Collect$$libshutdown$$00000000) refers (Special) to libshutdown2.o(.ARM.Collect$$libshutdown$$0000000C) for __rt_lib_shutdown_user_alloc_1
    sys_command.o(.text) refers (Special) to use_no_semi.o(.text) for __I$use$semihosting
    sys_command.o(.text) refers (Special) to indicate_semi.o(.text) for __semihosting_library_function
    defsig_rtmem_outer.o(.text) refers to defsig_rtmem_inner.o(.text) for __rt_SIGRTMEM_inner
    defsig_rtmem_outer.o(.text) refers to defsig_exit.o(.text) for __sig_exit
    defsig_rtmem_formal.o(.text) refers to rt_raise.o(.text) for __rt_raise
    rt_raise.o(.text) refers to __raise.o(.text) for __raise
    rt_raise.o(.text) refers to sys_exit.o(.text) for _sys_exit
    defsig_exit.o(.text) refers to sys_exit.o(.text) for _sys_exit
    defsig_rtmem_inner.o(.text) refers to defsig_general.o(.text) for __default_signal_display
    __raise.o(.text) refers to __printf.o(i.__ARM_common_call_via_r2) for __ARM_common_call_via_r2
    __raise.o(.text) refers to defsig.o(CL$$defsig) for __default_signal_handler
    defsig_general.o(.text) refers to sys_wrch.o(.text) for _ttywrch
    sys_wrch.o(.text) refers (Special) to use_no_semi.o(.text) for __I$use$semihosting
    sys_wrch.o(.text) refers (Special) to indicate_semi.o(.text) for __semihosting_library_function
    defsig.o(CL$$defsig) refers to defsig_rtmem_inner.o(.text) for __rt_SIGRTMEM_inner
    defsig_abrt_inner.o(.text) refers to defsig_general.o(.text) for __default_signal_display
    defsig_fpe_inner.o(.text) refers to defsig_general.o(.text) for __default_signal_display
    defsig_rtred_inner.o(.text) refers to defsig_general.o(.text) for __default_signal_display
    defsig_stak_inner.o(.text) refers to defsig_general.o(.text) for __default_signal_display
    defsig_pvfn_inner.o(.text) refers to defsig_general.o(.text) for __default_signal_display
    defsig_cppl_inner.o(.text) refers to defsig_general.o(.text) for __default_signal_display
    defsig_segv_inner.o(.text) refers to defsig_general.o(.text) for __default_signal_display
    defsig_other.o(.text) refers to defsig_general.o(.text) for __default_signal_display


==============================================================================

Adding Veneers to the image

    Adding TA veneer (4 bytes, Inline) for call to '_printf_percent' from __printf_flags_wp.o(.text).
    Adding AT veneer (8 bytes, Inline) for call to '__rt_lib_init' from __rtentry2.o(.ARM.Collect$$rtentry$$0000000A).
    Adding AT veneer (8 bytes, Inline) for call to '__rt_lib_shutdown' from rtexit2.o(.ARM.Collect$$rtexit$$00000003).
    Adding TA veneer (4 bytes, Inline) for call to '__rt_exit' from exit.o(.text).
    Adding AT veneer (8 bytes, Inline) for call to '__2sprintf' from main.o(i.AD0ISR).
    Adding AT veneer (8 bytes, Inline) for call to '_printf_int_dec' from _printf_d.o(.ARM.Collect$$_printf_percent$$00000009).
    Adding TA veneer (4 bytes, Inline) for call to '__rt_udiv10' from _printf_dec.o(.text).
    Adding AT veneer (8 bytes, Inline) for call to '_sys_exit' from rtexit2.o(.ARM.Collect$$rtexit$$00000004).

8 Veneer(s) (total 52 bytes) added to the image.

==============================================================================

Image Symbol Table

    Local Symbols

    Symbol Name                              Value     Ov Type        Size  Object(Section)

    RESET                                    0x00000000   Section      272  startup.o(RESET)
    ../clib/angel/boardlib.s                 0x00000000   Number         0  boardshut.o ABSOLUTE
    ../clib/angel/boardlib.s                 0x00000000   Number         0  boardinit1.o ABSOLUTE
    ../clib/angel/boardlib.s                 0x00000000   Number         0  boardinit3.o ABSOLUTE
    ../clib/angel/boardlib.s                 0x00000000   Number         0  boardinit2.o ABSOLUTE
    ../clib/angel/handlers.s                 0x00000000   Number         0  __scatter_zi.o ABSOLUTE
    ../clib/angel/handlers.s                 0x00000000   Number         0  __scatter_copy.o ABSOLUTE
    ../clib/angel/kernel.s                   0x00000000   Number         0  __rtentry2.o ABSOLUTE
    ../clib/angel/kernel.s                   0x00000000   Number         0  rtexit2.o ABSOLUTE
    ../clib/angel/kernel.s                   0x00000000   Number         0  __rtentry4.o ABSOLUTE
    ../clib/angel/kernel.s                   0x00000000   Number         0  rtexit.o ABSOLUTE
    ../clib/angel/kernel.s                   0x00000000   Number         0  __rtentry.o ABSOLUTE
    ../clib/angel/rt.s                       0x00000000   Number         0  rt_raise.o ABSOLUTE
    ../clib/angel/scatter.s                  0x00000000   Number         0  __scatter.o ABSOLUTE
    ../clib/angel/startup.s                  0x00000000   Number         0  __main.o ABSOLUTE
    ../clib/angel/sys.s                      0x00000000   Number         0  sys_stackheap_outer.o ABSOLUTE
    ../clib/angel/sys.s                      0x00000000   Number         0  libspace.o ABSOLUTE
    ../clib/angel/sys.s                      0x00000000   Number         0  indicate_semi.o ABSOLUTE
    ../clib/angel/sys.s                      0x00000000   Number         0  use_no_semi.o ABSOLUTE
    ../clib/angel/sysapp.c                   0x00000000   Number         0  sys_exit.o ABSOLUTE
    ../clib/angel/sysapp.c                   0x00000000   Number         0  sys_wrch.o ABSOLUTE
    ../clib/angel/sysapp.c                   0x00000000   Number         0  sys_command.o ABSOLUTE
    ../clib/armsys.c                         0x00000000   Number         0  argv_veneer.o ABSOLUTE
    ../clib/armsys.c                         0x00000000   Number         0  argv_veneer.o ABSOLUTE
    ../clib/armsys.c                         0x00000000   Number         0  _get_argv_nomalloc.o ABSOLUTE
    ../clib/armsys.c                         0x00000000   Number         0  no_argv.o ABSOLUTE
    ../clib/division.s                       0x00000000   Number         0  rtudiv10.o ABSOLUTE
    ../clib/heapalloc.c                      0x00000000   Number         0  hrguard.o ABSOLUTE
    ../clib/heapaux.c                        0x00000000   Number         0  heapauxi.o ABSOLUTE
    ../clib/libinit.s                        0x00000000   Number         0  libinit2.o ABSOLUTE
    ../clib/libinit.s                        0x00000000   Number         0  libinit.o ABSOLUTE
    ../clib/libinit.s                        0x00000000   Number         0  libshutdown.o ABSOLUTE
    ../clib/libinit.s                        0x00000000   Number         0  libshutdown2.o ABSOLUTE
    ../clib/misc.s                           0x00000000   Number         0  printf_stubs.o ABSOLUTE
    ../clib/printf.c                         0x00000000   Number         0  __printf_flags_wp.o ABSOLUTE
    ../clib/printf.c                         0x00000000   Number         0  _printf_dec.o ABSOLUTE
    ../clib/printf.c                         0x00000000   Number         0  __printf_ss_wp.o ABSOLUTE
    ../clib/printf.c                         0x00000000   Number         0  __printf_flags.o ABSOLUTE
    ../clib/printf.c                         0x00000000   Number         0  __printf_ss.o ABSOLUTE
    ../clib/printf.c                         0x00000000   Number         0  __printf_flags_ss.o ABSOLUTE
    ../clib/printf.c                         0x00000000   Number         0  __printf_wp.o ABSOLUTE
    ../clib/printf.c                         0x00000000   Number         0  __printf_flags_ss_wp.o ABSOLUTE
    ../clib/printf.c                         0x00000000   Number         0  __2sprintf.o ABSOLUTE
    ../clib/printf.c                         0x00000000   Number         0  noretval__2sprintf.o ABSOLUTE
    ../clib/printf.c                         0x00000000   Number         0  _sputc.o ABSOLUTE
    ../clib/printf.c                         0x00000000   Number         0  __printf.o ABSOLUTE
    ../clib/printf.c                         0x00000000   Number         0  _printf_intcommon.o ABSOLUTE
    ../clib/printf.c                         0x00000000   Number         0  _printf_char_common.o ABSOLUTE
    ../clib/printf.c                         0x00000000   Number         0  _printf_pad.o ABSOLUTE
    ../clib/printf.c                         0x00000000   Number         0  __printf_nopercent.o ABSOLUTE
    ../clib/printf_percent.s                 0x00000000   Number         0  _printf_percent_end.o ABSOLUTE
    ../clib/printf_percent.s                 0x00000000   Number         0  _printf_percent.o ABSOLUTE
    ../clib/printf_percent.s                 0x00000000   Number         0  _printf_d.o ABSOLUTE
    ../clib/signal.c                         0x00000000   Number         0  defsig_stak_inner.o ABSOLUTE
    ../clib/signal.c                         0x00000000   Number         0  defsig_rtred_inner.o ABSOLUTE
    ../clib/signal.c                         0x00000000   Number         0  defsig_segv_inner.o ABSOLUTE
    ../clib/signal.c                         0x00000000   Number         0  defsig_rtmem_outer.o ABSOLUTE
    ../clib/signal.c                         0x00000000   Number         0  defsig_rtmem_formal.o ABSOLUTE
    ../clib/signal.c                         0x00000000   Number         0  defsig_fpe_inner.o ABSOLUTE
    ../clib/signal.c                         0x00000000   Number         0  defsig_exit.o ABSOLUTE
    ../clib/signal.c                         0x00000000   Number         0  defsig_rtmem_inner.o ABSOLUTE
    ../clib/signal.c                         0x00000000   Number         0  __raise.o ABSOLUTE
    ../clib/signal.c                         0x00000000   Number         0  defsig_general.o ABSOLUTE
    ../clib/signal.c                         0x00000000   Number         0  defsig_abrt_inner.o ABSOLUTE
    ../clib/signal.c                         0x00000000   Number         0  defsig_other.o ABSOLUTE
    ../clib/signal.c                         0x00000000   Number         0  defsig_cppl_inner.o ABSOLUTE
    ../clib/signal.c                         0x00000000   Number         0  defsig_pvfn_inner.o ABSOLUTE
    ../clib/signal.s                         0x00000000   Number         0  defsig.o ABSOLUTE
    ../clib/stdlib.c                         0x00000000   Number         0  exit.o ABSOLUTE
    ../fplib/fpinit.s                        0x00000000   Number         0  fpinit.o ABSOLUTE
    Startup.s                                0x00000000   Number         0  startup.o ABSOLUTE
    dc.s                                     0x00000000   Number         0  dc.o ABSOLUTE
    main.c                                   0x00000000   Number         0  main.o ABSOLUTE
    Undef_Handler                            0x00000040   ARM Code       4  startup.o(RESET)
    SWI_Handler                              0x00000044   ARM Code       4  startup.o(RESET)
    PAbt_Handler                             0x00000048   ARM Code       4  startup.o(RESET)
    DAbt_Handler                             0x0000004c   ARM Code       4  startup.o(RESET)
    IRQ_Handler                              0x00000050   ARM Code       4  startup.o(RESET)
    FIQ_Handler                              0x00000054   ARM Code       4  startup.o(RESET)
    !!!main                                  0x00000110   Section        8  __main.o(!!!main)
    !!!scatter                               0x00000118   Section       60  __scatter.o(!!!scatter)
    !!handler_copy                           0x00000154   Section       40  __scatter_copy.o(!!handler_copy)
    !!handler_zi                             0x0000017c   Section       44  __scatter_zi.o(!!handler_zi)
    .ARM.Collect$$_printf_percent$$00000000  0x000001ac   Section        0  _printf_percent.o(.ARM.Collect$$_printf_percent$$00000000)
    .ARM.Collect$$_printf_percent$$00000009  0x000001ac   Section        8  _printf_d.o(.ARM.Collect$$_printf_percent$$00000009)
    .ARM.Collect$$_printf_percent$$00000017  0x000001b4   Section        8  _printf_percent_end.o(.ARM.Collect$$_printf_percent$$00000017)
    .ARM.Collect$$libinit$$00000000          0x000001c4   Section        2  libinit.o(.ARM.Collect$$libinit$$00000000)
    .ARM.Collect$$libinit$$00000002          0x000001c6   Section        0  libinit2.o(.ARM.Collect$$libinit$$00000002)
    .ARM.Collect$$libinit$$00000004          0x000001c6   Section        0  libinit2.o(.ARM.Collect$$libinit$$00000004)
    .ARM.Collect$$libinit$$0000000A          0x000001c6   Section        0  libinit2.o(.ARM.Collect$$libinit$$0000000A)
    .ARM.Collect$$libinit$$0000000C          0x000001c6   Section        0  libinit2.o(.ARM.Collect$$libinit$$0000000C)
    .ARM.Collect$$libinit$$0000000E          0x000001c6   Section        0  libinit2.o(.ARM.Collect$$libinit$$0000000E)
    .ARM.Collect$$libinit$$00000011          0x000001c6   Section        0  libinit2.o(.ARM.Collect$$libinit$$00000011)
    .ARM.Collect$$libinit$$00000013          0x000001c6   Section        0  libinit2.o(.ARM.Collect$$libinit$$00000013)
    .ARM.Collect$$libinit$$00000015          0x000001c6   Section        0  libinit2.o(.ARM.Collect$$libinit$$00000015)
    .ARM.Collect$$libinit$$00000017          0x000001c6   Section        0  libinit2.o(.ARM.Collect$$libinit$$00000017)
    .ARM.Collect$$libinit$$00000019          0x000001c6   Section        0  libinit2.o(.ARM.Collect$$libinit$$00000019)
    .ARM.Collect$$libinit$$0000001B          0x000001c6   Section        0  libinit2.o(.ARM.Collect$$libinit$$0000001B)
    .ARM.Collect$$libinit$$0000001D          0x000001c6   Section        0  libinit2.o(.ARM.Collect$$libinit$$0000001D)
    .ARM.Collect$$libinit$$0000001F          0x000001c6   Section        0  libinit2.o(.ARM.Collect$$libinit$$0000001F)
    .ARM.Collect$$libinit$$00000021          0x000001c6   Section        0  libinit2.o(.ARM.Collect$$libinit$$00000021)
    .ARM.Collect$$libinit$$00000023          0x000001c6   Section        0  libinit2.o(.ARM.Collect$$libinit$$00000023)
    .ARM.Collect$$libinit$$00000025          0x000001c6   Section        0  libinit2.o(.ARM.Collect$$libinit$$00000025)
    .ARM.Collect$$libinit$$0000002C          0x000001c6   Section        0  libinit2.o(.ARM.Collect$$libinit$$0000002C)
    .ARM.Collect$$libinit$$0000002E          0x000001c6   Section        0  libinit2.o(.ARM.Collect$$libinit$$0000002E)
    .ARM.Collect$$libinit$$00000030          0x000001c6   Section        0  libinit2.o(.ARM.Collect$$libinit$$00000030)
    .ARM.Collect$$libinit$$00000032          0x000001c6   Section        0  libinit2.o(.ARM.Collect$$libinit$$00000032)
    .ARM.Collect$$libinit$$00000033          0x000001c6   Section       12  libinit2.o(.ARM.Collect$$libinit$$00000033)
    .ARM.Collect$$libshutdown$$00000000      0x000001dc   Section        4  libshutdown.o(.ARM.Collect$$libshutdown$$00000000)
    .ARM.Collect$$libshutdown$$00000002      0x000001e0   Section        0  libshutdown2.o(.ARM.Collect$$libshutdown$$00000002)
    .ARM.Collect$$libshutdown$$00000004      0x000001e0   Section        0  libshutdown2.o(.ARM.Collect$$libshutdown$$00000004)
    .ARM.Collect$$libshutdown$$00000007      0x000001e0   Section        0  libshutdown2.o(.ARM.Collect$$libshutdown$$00000007)
    .ARM.Collect$$libshutdown$$0000000A      0x000001e0   Section        0  libshutdown2.o(.ARM.Collect$$libshutdown$$0000000A)
    .ARM.Collect$$libshutdown$$0000000C      0x000001e0   Section        0  libshutdown2.o(.ARM.Collect$$libshutdown$$0000000C)
    .ARM.Collect$$libshutdown$$0000000F      0x000001e0   Section        0  libshutdown2.o(.ARM.Collect$$libshutdown$$0000000F)
    .ARM.Collect$$libshutdown$$00000010      0x000001e0   Section        6  libshutdown2.o(.ARM.Collect$$libshutdown$$00000010)
    .ARM.Collect$$rtentry$$00000000          0x000001e8   Section        0  __rtentry.o(.ARM.Collect$$rtentry$$00000000)
    .ARM.Collect$$rtentry$$00000002          0x000001e8   Section        0  __rtentry2.o(.ARM.Collect$$rtentry$$00000002)
    .ARM.Collect$$rtentry$$00000004          0x000001e8   Section        8  __rtentry4.o(.ARM.Collect$$rtentry$$00000004)
    .ARM.Collect$$rtentry$$00000009          0x000001f0   Section        0  __rtentry2.o(.ARM.Collect$$rtentry$$00000009)
    .ARM.Collect$$rtentry$$0000000A          0x000001f0   Section        4  __rtentry2.o(.ARM.Collect$$rtentry$$0000000A)
    .ARM.Collect$$rtentry$$0000000C          0x000001f4   Section        0  __rtentry2.o(.ARM.Collect$$rtentry$$0000000C)
    .ARM.Collect$$rtentry$$0000000D          0x000001f4   Section       40  __rtentry2.o(.ARM.Collect$$rtentry$$0000000D)
    .ARM.Collect$$rtexit$$00000000           0x00000220   Section        4  rtexit.o(.ARM.Collect$$rtexit$$00000000)
    .ARM.Collect$$rtexit$$00000002           0x00000224   Section        0  rtexit2.o(.ARM.Collect$$rtexit$$00000002)
    .ARM.Collect$$rtexit$$00000003           0x00000224   Section        4  rtexit2.o(.ARM.Collect$$rtexit$$00000003)
    .ARM.Collect$$rtexit$$00000004           0x00000228   Section        8  rtexit2.o(.ARM.Collect$$rtexit$$00000004)
    .text                                    0x00000230   Section       32  startup.o(.text)
    .text                                    0x00000258   Section        0  noretval__2sprintf.o(.text)
    .text                                    0x00000280   Section        0  _printf_pad.o(.text)
    .text                                    0x000002e0   Section        0  _printf_dec.o(.text)
    .text                                    0x00000350   Section        0  __printf_flags_wp.o(.text)
    .text                                    0x00000498   Section        0  heapauxi.o(.text)
    .text                                    0x0000049e   Section        0  _printf_intcommon.o(.text)
    .text                                    0x00000558   Section        0  _printf_char_common.o(.text)
    _printf_input_char                       0x00000559   Thumb Code    10  _printf_char_common.o(.text)
    .text                                    0x00000588   Section        0  _sputc.o(.text)
    .text                                    0x00000598   Section       44  rtudiv10.o(.text)
    .text                                    0x000005c4   Section       96  sys_stackheap_outer.o(.text)
    .text                                    0x00000624   Section        0  exit.o(.text)
    .text                                    0x00000638   Section       12  libspace.o(.text)
    .text                                    0x0000064c   Section        0  sys_exit.o(.text)
    .text                                    0x00000658   Section        4  use_no_semi.o(.text)
    .text                                    0x0000065c   Section        0  indicate_semi.o(.text)
    i.AD0ISR                                 0x0000065c   Section        0  main.o(i.AD0ISR)
    i.__ARM_common_call_via_r1               0x000006f0   Section        0  __printf.o(i.__ARM_common_call_via_r1)
    i.__ARM_common_call_via_r2               0x000006f2   Section        0  __printf.o(i.__ARM_common_call_via_r2)
    i._is_digit                              0x000006f4   Section        0  __printf_wp.o(i._is_digit)
    i.delay                                  0x00000704   Section        0  main.o(i.delay)
    i.lcdDisplay                             0x00000730   Section        0  main.o(i.lcdDisplay)
    i.lcdInit                                0x00000784   Section        0  main.o(i.lcdInit)
    i.main                                   0x000007ec   Section        0  main.o(i.main)
    i.sendCommand                            0x00000858   Section        0  main.o(i.sendCommand)
    i.sendData                               0x000008f8   Section        0  main.o(i.sendData)
    .constdata                               0x00000990   Section       17  __printf_flags_wp.o(.constdata)
    maptable                                 0x00000990   Data          17  __printf_flags_wp.o(.constdata)
    .data                                    0x40000000   Section        8  main.o(.data)
    .bss                                     0x40000008   Section       20  main.o(.bss)
    .bss                                     0x4000001c   Section       96  libspace.o(.bss)
    HEAP                                     0x40000080   Section        0  startup.o(HEAP)
    STACK                                    0x40000080   Section     1160  startup.o(STACK)
    Heap_Mem                                 0x40000080   Data           0  startup.o(HEAP)
    Stack_Mem                                0x40000080   Data        1024  startup.o(STACK)
    Stack_Top                                0x40000508   Data           0  startup.o(STACK)

    Global Symbols

    Symbol Name                              Value     Ov Type        Size  Object(Section)

    BuildAttributes$$THM_ISAv1$ARM_ISAv4$S$PE$A:L22$X:L11$S22$IEEE1$IW$USESV6$~STKCKD$USESV7$~SHL$OSPACE$ROPI$EBA8$UX$STANDARDLIB$REQ8$PRES8$EABIv2 0x00000000   Number         0  anon$$obj.o ABSOLUTE
    __ARM_use_no_argv                        0x00000000   Number         0  main.o ABSOLUTE
    _printf_flags                            0x00000000   Number         0  printf_stubs.o ABSOLUTE
    _printf_return_value                     0x00000000   Number         0  printf_stubs.o ABSOLUTE
    _printf_sizespec                         0x00000000   Number         0  printf_stubs.o ABSOLUTE
    _printf_widthprec                        0x00000000   Number         0  printf_stubs.o ABSOLUTE
    __ARM_exceptions_init                     - Undefined Weak Reference
    __alloca_initialize                       - Undefined Weak Reference
    __arm_preinit_                            - Undefined Weak Reference
    __cpp_initialize__aeabi_                  - Undefined Weak Reference
    __cxa_finalize                            - Undefined Weak Reference
    __rt_locale                               - Undefined Weak Reference
    __sigvec_lookup                           - Undefined Weak Reference
    _atexit_init                              - Undefined Weak Reference
    _call_atexit_fns                          - Undefined Weak Reference
    _clock_init                               - Undefined Weak Reference
    _fp_trap_init                             - Undefined Weak Reference
    _fp_trap_shutdown                         - Undefined Weak Reference
    _get_lc_collate                           - Undefined Weak Reference
    _get_lc_ctype                             - Undefined Weak Reference
    _get_lc_monetary                          - Undefined Weak Reference
    _get_lc_numeric                           - Undefined Weak Reference
    _get_lc_time                              - Undefined Weak Reference
    _getenv_init                              - Undefined Weak Reference
    _handle_redirection                       - Undefined Weak Reference
    _init_alloc                               - Undefined Weak Reference
    _init_user_alloc                          - Undefined Weak Reference
    _initio                                   - Undefined Weak Reference
    _printf_truncate_signed                   - Undefined Weak Reference
    _printf_truncate_unsigned                 - Undefined Weak Reference
    _rand_init                                - Undefined Weak Reference
    _signal_finish                            - Undefined Weak Reference
    _signal_init                              - Undefined Weak Reference
    _terminate_alloc                          - Undefined Weak Reference
    _terminate_user_alloc                     - Undefined Weak Reference
    _terminateio                              - Undefined Weak Reference
    Reset_Handler                            0x00000058   ARM Code       0  startup.o(RESET)
    __main                                   0x00000110   ARM Code       8  __main.o(!!!main)
    __scatterload                            0x00000118   ARM Code       0  __scatter.o(!!!scatter)
    __scatterload_rt2                        0x00000118   ARM Code      52  __scatter.o(!!!scatter)
    __scatterload_null                       0x0000012c   ARM Code       0  __scatter.o(!!!scatter)
    __scatterload_copy                       0x00000154   ARM Code      40  __scatter_copy.o(!!handler_copy)
    __scatterload_zeroinit                   0x0000017c   ARM Code      44  __scatter_zi.o(!!handler_zi)
    Inline Thumb to ARM Veneer to _printf_percent 0x000001a9   Thumb Code     4  _printf_percent.o(.ARM.Collect$$_printf_percent$$00000000)
    _printf_d                                0x000001ac   ARM Code       0  _printf_d.o(.ARM.Collect$$_printf_percent$$00000009)
    _printf_percent                          0x000001ac   ARM Code       0  _printf_percent.o(.ARM.Collect$$_printf_percent$$00000000)
    _printf_percent_end                      0x000001b4   ARM Code       0  _printf_percent_end.o(.ARM.Collect$$_printf_percent$$00000017)
    Inline ARM to Thumb Veneer to __rt_lib_init 0x000001bc   ARM Code       8  libinit.o(.ARM.Collect$$libinit$$00000000)
    __rt_lib_init                            0x000001c5   Thumb Code     0  libinit.o(.ARM.Collect$$libinit$$00000000)
    __rt_lib_init_alloca_1                   0x000001c7   Thumb Code     0  libinit2.o(.ARM.Collect$$libinit$$0000002E)
    __rt_lib_init_argv_1                     0x000001c7   Thumb Code     0  libinit2.o(.ARM.Collect$$libinit$$0000002C)
    __rt_lib_init_atexit_1                   0x000001c7   Thumb Code     0  libinit2.o(.ARM.Collect$$libinit$$0000001B)
    __rt_lib_init_clock_1                    0x000001c7   Thumb Code     0  libinit2.o(.ARM.Collect$$libinit$$00000021)
    __rt_lib_init_cpp_1                      0x000001c7   Thumb Code     0  libinit2.o(.ARM.Collect$$libinit$$00000032)
    __rt_lib_init_exceptions_1               0x000001c7   Thumb Code     0  libinit2.o(.ARM.Collect$$libinit$$00000030)
    __rt_lib_init_fp_1                       0x000001c7   Thumb Code     0  libinit2.o(.ARM.Collect$$libinit$$00000002)
    __rt_lib_init_fp_trap_1                  0x000001c7   Thumb Code     0  libinit2.o(.ARM.Collect$$libinit$$0000001F)
    __rt_lib_init_getenv_1                   0x000001c7   Thumb Code     0  libinit2.o(.ARM.Collect$$libinit$$00000023)
    __rt_lib_init_heap_1                     0x000001c7   Thumb Code     0  libinit2.o(.ARM.Collect$$libinit$$0000000A)
    __rt_lib_init_lc_collate_1               0x000001c7   Thumb Code     0  libinit2.o(.ARM.Collect$$libinit$$00000011)
    __rt_lib_init_lc_ctype_1                 0x000001c7   Thumb Code     0  libinit2.o(.ARM.Collect$$libinit$$00000013)
    __rt_lib_init_lc_monetary_1              0x000001c7   Thumb Code     0  libinit2.o(.ARM.Collect$$libinit$$00000015)
    __rt_lib_init_lc_numeric_1               0x000001c7   Thumb Code     0  libinit2.o(.ARM.Collect$$libinit$$00000017)
    __rt_lib_init_lc_time_1                  0x000001c7   Thumb Code     0  libinit2.o(.ARM.Collect$$libinit$$00000019)
    __rt_lib_init_preinit_1                  0x000001c7   Thumb Code     0  libinit2.o(.ARM.Collect$$libinit$$00000004)
    __rt_lib_init_rand_1                     0x000001c7   Thumb Code     0  libinit2.o(.ARM.Collect$$libinit$$0000000E)
    __rt_lib_init_return                     0x000001c7   Thumb Code     0  libinit2.o(.ARM.Collect$$libinit$$00000033)
    __rt_lib_init_signal_1                   0x000001c7   Thumb Code     0  libinit2.o(.ARM.Collect$$libinit$$0000001D)
    __rt_lib_init_stdio_1                    0x000001c7   Thumb Code     0  libinit2.o(.ARM.Collect$$libinit$$00000025)
    __rt_lib_init_user_alloc_1               0x000001c7   Thumb Code     0  libinit2.o(.ARM.Collect$$libinit$$0000000C)
    Inline ARM to Thumb Veneer to __rt_lib_shutdown 0x000001d4   ARM Code       8  libshutdown.o(.ARM.Collect$$libshutdown$$00000000)
    __rt_lib_shutdown                        0x000001dd   Thumb Code     0  libshutdown.o(.ARM.Collect$$libshutdown$$00000000)
    __rt_lib_shutdown_cpp_1                  0x000001e1   Thumb Code     0  libshutdown2.o(.ARM.Collect$$libshutdown$$00000002)
    __rt_lib_shutdown_fp_trap_1              0x000001e1   Thumb Code     0  libshutdown2.o(.ARM.Collect$$libshutdown$$00000007)
    __rt_lib_shutdown_heap_1                 0x000001e1   Thumb Code     0  libshutdown2.o(.ARM.Collect$$libshutdown$$0000000F)
    __rt_lib_shutdown_return                 0x000001e1   Thumb Code     0  libshutdown2.o(.ARM.Collect$$libshutdown$$00000010)
    __rt_lib_shutdown_signal_1               0x000001e1   Thumb Code     0  libshutdown2.o(.ARM.Collect$$libshutdown$$0000000A)
    __rt_lib_shutdown_stdio_1                0x000001e1   Thumb Code     0  libshutdown2.o(.ARM.Collect$$libshutdown$$00000004)
    __rt_lib_shutdown_user_alloc_1           0x000001e1   Thumb Code     0  libshutdown2.o(.ARM.Collect$$libshutdown$$0000000C)
    __rt_entry                               0x000001e8   ARM Code       0  __rtentry.o(.ARM.Collect$$rtentry$$00000000)
    __rt_entry_presh_1                       0x000001e8   ARM Code       0  __rtentry2.o(.ARM.Collect$$rtentry$$00000002)
    __rt_entry_sh                            0x000001e8   ARM Code       0  __rtentry4.o(.ARM.Collect$$rtentry$$00000004)
    __rt_entry_li                            0x000001f0   ARM Code       0  __rtentry2.o(.ARM.Collect$$rtentry$$0000000A)
    __rt_entry_postsh_1                      0x000001f0   ARM Code       0  __rtentry2.o(.ARM.Collect$$rtentry$$00000009)
    __rt_entry_main                          0x000001f4   ARM Code       0  __rtentry2.o(.ARM.Collect$$rtentry$$0000000D)
    __rt_entry_postli_1                      0x000001f4   ARM Code       0  __rtentry2.o(.ARM.Collect$$rtentry$$0000000C)
    Inline Thumb to ARM Veneer to __rt_exit  0x0000021d   Thumb Code     4  rtexit.o(.ARM.Collect$$rtexit$$00000000)
    __rt_exit                                0x00000220   ARM Code       0  rtexit.o(.ARM.Collect$$rtexit$$00000000)
    __rt_exit_ls                             0x00000224   ARM Code       0  rtexit2.o(.ARM.Collect$$rtexit$$00000003)
    __rt_exit_prels_1                        0x00000224   ARM Code       0  rtexit2.o(.ARM.Collect$$rtexit$$00000002)
    __rt_exit_exit                           0x00000228   ARM Code       0  rtexit2.o(.ARM.Collect$$rtexit$$00000004)
    __user_initial_stackheap                 0x00000230   ARM Code       0  startup.o(.text)
    Inline ARM to Thumb Veneer to __2sprintf 0x00000250   ARM Code       8  noretval__2sprintf.o(.text)
    __2sprintf                               0x00000259   Thumb Code    36  noretval__2sprintf.o(.text)
    _printf_pre_padding                      0x00000281   Thumb Code    50  _printf_pad.o(.text)
    _printf_post_padding                     0x000002b3   Thumb Code    36  _printf_pad.o(.text)
    Inline ARM to Thumb Veneer to _printf_int_dec 0x000002d8   ARM Code       8  _printf_dec.o(.text)
    _printf_int_dec                          0x000002e1   Thumb Code    94  _printf_dec.o(.text)
    __printf                                 0x00000351   Thumb Code   322  __printf_flags_wp.o(.text)
    __use_two_region_memory                  0x00000499   Thumb Code     2  heapauxi.o(.text)
    __rt_heap_escrow$2region                 0x0000049b   Thumb Code     2  heapauxi.o(.text)
    __rt_heap_expand$2region                 0x0000049d   Thumb Code     2  heapauxi.o(.text)
    _printf_int_common                       0x0000049f   Thumb Code   186  _printf_intcommon.o(.text)
    _printf_char_common                      0x00000563   Thumb Code    34  _printf_char_common.o(.text)
    _sputc                                   0x00000589   Thumb Code    10  _sputc.o(.text)
    Inline Thumb to ARM Veneer to __rt_udiv10 0x00000595   Thumb Code     4  rtudiv10.o(.text)
    __rt_udiv10                              0x00000598   ARM Code      44  rtudiv10.o(.text)
    __user_setup_stackheap                   0x000005c4   ARM Code      96  sys_stackheap_outer.o(.text)
    exit                                     0x00000625   Thumb Code    20  exit.o(.text)
    __user_libspace                          0x00000638   ARM Code      12  libspace.o(.text)
    __user_perproc_libspace                  0x00000638   ARM Code       0  libspace.o(.text)
    __user_perthread_libspace                0x00000638   ARM Code       0  libspace.o(.text)
    Inline ARM to Thumb Veneer to _sys_exit  0x00000644   ARM Code       8  sys_exit.o(.text)
    _sys_exit                                0x0000064d   Thumb Code     8  sys_exit.o(.text)
    __I$use$semihosting                      0x00000658   ARM Code       0  use_no_semi.o(.text)
    __use_no_semihosting_swi                 0x00000658   ARM Code       4  use_no_semi.o(.text)
    AD0ISR                                   0x0000065c   ARM Code     116  main.o(i.AD0ISR)
    __semihosting_library_function           0x0000065c   ARM Code       0  indicate_semi.o(.text)
    __ARM_common_call_via_r1                 0x000006f1   Thumb Code     2  __printf.o(i.__ARM_common_call_via_r1)
    __ARM_common_call_via_r2                 0x000006f3   Thumb Code     2  __printf.o(i.__ARM_common_call_via_r2)
    _is_digit                                0x000006f5   Thumb Code    14  __printf_wp.o(i._is_digit)
    delay                                    0x00000704   ARM Code      44  main.o(i.delay)
    lcdDisplay                               0x00000730   ARM Code      84  main.o(i.lcdDisplay)
    lcdInit                                  0x00000784   ARM Code     100  main.o(i.lcdInit)
    main                                     0x000007ec   ARM Code      92  main.o(i.main)
    sendCommand                              0x00000858   ARM Code     156  main.o(i.sendCommand)
    sendData                                 0x000008f8   ARM Code     148  main.o(i.sendData)
    Region$$Table$$Base                      0x000009a4   Number         0  anon$$obj.o(Region$$Table)
    Region$$Table$$Limit                     0x000009c4   Number         0  anon$$obj.o(Region$$Table)
    count                                    0x40000000   Data           4  main.o(.data)
    data                                     0x40000004   Data           4  main.o(.data)
    buff                                     0x40000008   Data          20  main.o(.bss)
    __libspace_start                         0x4000001c   Data          96  libspace.o(.bss)
    __temporary_stack_top$libspace           0x4000007c   Data           0  libspace.o(.bss)



==============================================================================

Memory Map of the image

  Image Entry point : 0x00000110

  Load Region LR_IROM1 (Base: 0x00000000, Size: 0x000009cc, Max: 0x00080000, ABSOLUTE)

    Execution Region ER_IROM1 (Exec base: 0x00000000, Load base: 0x00000000, Size: 0x000009c4, Max: 0x00080000, ABSOLUTE)

    Exec Addr    Load Addr    Size         Type   Attr      Idx    E Section Name        Object

    0x00000000   0x00000000   0x00000110   Code   RO            3    RESET               startup.o
    0x00000110   0x00000110   0x00000008   Code   RO          114  * !!!main             c_t.l(__main.o)
    0x00000118   0x00000118   0x0000003c   Code   RO          286    !!!scatter          c_t.l(__scatter.o)
    0x00000154   0x00000154   0x00000028   Code   RO          288    !!handler_copy      c_t.l(__scatter_copy.o)
    0x0000017c   0x0000017c   0x0000002c   Code   RO          290    !!handler_zi        c_t.l(__scatter_zi.o)
    0x000001a8   0x000001a8   0x00000004   Ven    RO          111    .ARM.Collect$$_printf_percent$$00000000  c_t.l(_printf_percent.o)
    0x000001ac   0x000001ac   0x00000000   Code   RO          111    .ARM.Collect$$_printf_percent$$00000000  c_t.l(_printf_percent.o)
    0x000001ac   0x000001ac   0x00000008   Code   RO          110    .ARM.Collect$$_printf_percent$$00000009  c_t.l(_printf_d.o)
    0x000001b4   0x000001b4   0x00000008   Code   RO          123    .ARM.Collect$$_printf_percent$$00000017  c_t.l(_printf_percent_end.o)
    0x000001bc   0x000001bc   0x00000008   Ven    RO          156    .ARM.Collect$$libinit$$00000000  c_t.l(libinit.o)
    0x000001c4   0x000001c4   0x00000002   Code   RO          156    .ARM.Collect$$libinit$$00000000  c_t.l(libinit.o)
    0x000001c6   0x000001c6   0x00000000   Code   RO          163    .ARM.Collect$$libinit$$00000002  c_t.l(libinit2.o)
    0x000001c6   0x000001c6   0x00000000   Code   RO          165    .ARM.Collect$$libinit$$00000004  c_t.l(libinit2.o)
    0x000001c6   0x000001c6   0x00000000   Code   RO          168    .ARM.Collect$$libinit$$0000000A  c_t.l(libinit2.o)
    0x000001c6   0x000001c6   0x00000000   Code   RO          170    .ARM.Collect$$libinit$$0000000C  c_t.l(libinit2.o)
    0x000001c6   0x000001c6   0x00000000   Code   RO          172    .ARM.Collect$$libinit$$0000000E  c_t.l(libinit2.o)
    0x000001c6   0x000001c6   0x00000000   Code   RO          175    .ARM.Collect$$libinit$$00000011  c_t.l(libinit2.o)
    0x000001c6   0x000001c6   0x00000000   Code   RO          177    .ARM.Collect$$libinit$$00000013  c_t.l(libinit2.o)
    0x000001c6   0x000001c6   0x00000000   Code   RO          179    .ARM.Collect$$libinit$$00000015  c_t.l(libinit2.o)
    0x000001c6   0x000001c6   0x00000000   Code   RO          181    .ARM.Collect$$libinit$$00000017  c_t.l(libinit2.o)
    0x000001c6   0x000001c6   0x00000000   Code   RO          183    .ARM.Collect$$libinit$$00000019  c_t.l(libinit2.o)
    0x000001c6   0x000001c6   0x00000000   Code   RO          185    .ARM.Collect$$libinit$$0000001B  c_t.l(libinit2.o)
    0x000001c6   0x000001c6   0x00000000   Code   RO          187    .ARM.Collect$$libinit$$0000001D  c_t.l(libinit2.o)
    0x000001c6   0x000001c6   0x00000000   Code   RO          189    .ARM.Collect$$libinit$$0000001F  c_t.l(libinit2.o)
    0x000001c6   0x000001c6   0x00000000   Code   RO          191    .ARM.Collect$$libinit$$00000021  c_t.l(libinit2.o)
    0x000001c6   0x000001c6   0x00000000   Code   RO          193    .ARM.Collect$$libinit$$00000023  c_t.l(libinit2.o)
    0x000001c6   0x000001c6   0x00000000   Code   RO          195    .ARM.Collect$$libinit$$00000025  c_t.l(libinit2.o)
    0x000001c6   0x000001c6   0x00000000   Code   RO          199    .ARM.Collect$$libinit$$0000002C  c_t.l(libinit2.o)
    0x000001c6   0x000001c6   0x00000000   Code   RO          201    .ARM.Collect$$libinit$$0000002E  c_t.l(libinit2.o)
    0x000001c6   0x000001c6   0x00000000   Code   RO          203    .ARM.Collect$$libinit$$00000030  c_t.l(libinit2.o)
    0x000001c6   0x000001c6   0x00000000   Code   RO          205    .ARM.Collect$$libinit$$00000032  c_t.l(libinit2.o)
    0x000001c6   0x000001c6   0x0000000c   Code   RO          206    .ARM.Collect$$libinit$$00000033  c_t.l(libinit2.o)
    0x000001d2   0x000001d2   0x00000002   PAD
    0x000001d4   0x000001d4   0x00000008   Ven    RO          226    .ARM.Collect$$libshutdown$$00000000  c_t.l(libshutdown.o)
    0x000001dc   0x000001dc   0x00000004   Code   RO          226    .ARM.Collect$$libshutdown$$00000000  c_t.l(libshutdown.o)
    0x000001e0   0x000001e0   0x00000000   Code   RO          239    .ARM.Collect$$libshutdown$$00000002  c_t.l(libshutdown2.o)
    0x000001e0   0x000001e0   0x00000000   Code   RO          241    .ARM.Collect$$libshutdown$$00000004  c_t.l(libshutdown2.o)
    0x000001e0   0x000001e0   0x00000000   Code   RO          244    .ARM.Collect$$libshutdown$$00000007  c_t.l(libshutdown2.o)
    0x000001e0   0x000001e0   0x00000000   Code   RO          247    .ARM.Collect$$libshutdown$$0000000A  c_t.l(libshutdown2.o)
    0x000001e0   0x000001e0   0x00000000   Code   RO          249    .ARM.Collect$$libshutdown$$0000000C  c_t.l(libshutdown2.o)
    0x000001e0   0x000001e0   0x00000000   Code   RO          252    .ARM.Collect$$libshutdown$$0000000F  c_t.l(libshutdown2.o)
    0x000001e0   0x000001e0   0x00000006   Code   RO          253    .ARM.Collect$$libshutdown$$00000010  c_t.l(libshutdown2.o)
    0x000001e6   0x000001e6   0x00000002   PAD
    0x000001e8   0x000001e8   0x00000000   Code   RO          116    .ARM.Collect$$rtentry$$00000000  c_t.l(__rtentry.o)
    0x000001e8   0x000001e8   0x00000000   Code   RO          127    .ARM.Collect$$rtentry$$00000002  c_t.l(__rtentry2.o)
    0x000001e8   0x000001e8   0x00000008   Code   RO          139    .ARM.Collect$$rtentry$$00000004  c_t.l(__rtentry4.o)
    0x000001f0   0x000001f0   0x00000000   Code   RO          129    .ARM.Collect$$rtentry$$00000009  c_t.l(__rtentry2.o)
    0x000001f0   0x000001f0   0x00000004   Code   RO          130    .ARM.Collect$$rtentry$$0000000A  c_t.l(__rtentry2.o)
    0x000001f4   0x000001f4   0x00000000   Code   RO          132    .ARM.Collect$$rtentry$$0000000C  c_t.l(__rtentry2.o)
    0x000001f4   0x000001f4   0x00000028   Code   RO          133    .ARM.Collect$$rtentry$$0000000D  c_t.l(__rtentry2.o)
    0x0000021c   0x0000021c   0x00000004   Ven    RO          160    .ARM.Collect$$rtexit$$00000000  c_t.l(rtexit.o)
    0x00000220   0x00000220   0x00000004   Code   RO          160    .ARM.Collect$$rtexit$$00000000  c_t.l(rtexit.o)
    0x00000224   0x00000224   0x00000000   Code   RO          208    .ARM.Collect$$rtexit$$00000002  c_t.l(rtexit2.o)
    0x00000224   0x00000224   0x00000004   Code   RO          209    .ARM.Collect$$rtexit$$00000003  c_t.l(rtexit2.o)
    0x00000228   0x00000228   0x00000008   Code   RO          210    .ARM.Collect$$rtexit$$00000004  c_t.l(rtexit2.o)
    0x00000230   0x00000230   0x00000020   Code   RO            4    .text               startup.o
    0x00000250   0x00000250   0x00000008   Ven    RO           78    .text               c_t.l(noretval__2sprintf.o)
    0x00000258   0x00000258   0x00000028   Code   RO           78    .text               c_t.l(noretval__2sprintf.o)
    0x00000280   0x00000280   0x00000056   Code   RO           86    .text               c_t.l(_printf_pad.o)
    0x000002d6   0x000002d6   0x00000002   PAD
    0x000002d8   0x000002d8   0x00000008   Ven    RO           88    .text               c_t.l(_printf_dec.o)
    0x000002e0   0x000002e0   0x00000070   Code   RO           88    .text               c_t.l(_printf_dec.o)
    0x00000350   0x00000350   0x00000148   Code   RO          102    .text               c_t.l(__printf_flags_wp.o)
    0x00000498   0x00000498   0x00000006   Code   RO          112    .text               c_t.l(heapauxi.o)
    0x0000049e   0x0000049e   0x000000ba   Code   RO          117    .text               c_t.l(_printf_intcommon.o)
    0x00000558   0x00000558   0x00000030   Code   RO          119    .text               c_t.l(_printf_char_common.o)
    0x00000588   0x00000588   0x0000000a   Code   RO          121    .text               c_t.l(_sputc.o)
    0x00000592   0x00000592   0x00000002   PAD
    0x00000594   0x00000594   0x00000004   Ven    RO          124    .text               c_t.l(rtudiv10.o)
    0x00000598   0x00000598   0x0000002c   Code   RO          124    .text               c_t.l(rtudiv10.o)
    0x000005c4   0x000005c4   0x00000060   Code   RO          147    .text               c_t.l(sys_stackheap_outer.o)
    0x00000624   0x00000624   0x00000014   Code   RO          149    .text               c_t.l(exit.o)
    0x00000638   0x00000638   0x0000000c   Code   RO          157    .text               c_t.l(libspace.o)
    0x00000644   0x00000644   0x00000008   Ven    RO          218    .text               c_t.l(sys_exit.o)
    0x0000064c   0x0000064c   0x0000000c   Code   RO          218    .text               c_t.l(sys_exit.o)
    0x00000658   0x00000658   0x00000004   Code   RO          229    .text               c_t.l(use_no_semi.o)
    0x0000065c   0x0000065c   0x00000000   Code   RO          231    .text               c_t.l(indicate_semi.o)
    0x0000065c   0x0000065c   0x00000094   Code   RO           11    i.AD0ISR            main.o
    0x000006f0   0x000006f0   0x00000002   Code   RO           84    i.__ARM_common_call_via_r1  c_t.l(__printf.o)
    0x000006f2   0x000006f2   0x00000002   Code   RO           82    i.__ARM_common_call_via_r2  c_t.l(__printf.o)
    0x000006f4   0x000006f4   0x0000000e   Code   RO          100    i._is_digit         c_t.l(__printf_wp.o)
    0x00000702   0x00000702   0x00000002   PAD
    0x00000704   0x00000704   0x0000002c   Code   RO           12    i.delay             main.o
    0x00000730   0x00000730   0x00000054   Code   RO           13    i.lcdDisplay        main.o
    0x00000784   0x00000784   0x00000068   Code   RO           14    i.lcdInit           main.o
    0x000007ec   0x000007ec   0x0000006c   Code   RO           15    i.main              main.o
    0x00000858   0x00000858   0x000000a0   Code   RO           16    i.sendCommand       main.o
    0x000008f8   0x000008f8   0x00000098   Code   RO           17    i.sendData          main.o
    0x00000990   0x00000990   0x00000011   Data   RO          103    .constdata          c_t.l(__printf_flags_wp.o)
    0x000009a1   0x000009a1   0x00000003   PAD
    0x000009a4   0x000009a4   0x00000020   Data   RO          284    Region$$Table       anon$$obj.o


    Execution Region RW_IRAM1 (Exec base: 0x40000000, Load base: 0x000009c4, Size: 0x00000508, Max: 0x00008000, ABSOLUTE)

    Exec Addr    Load Addr    Size         Type   Attr      Idx    E Section Name        Object

    0x40000000   0x000009c4   0x00000008   Data   RW           19    .data               main.o
    0x40000008        -       0x00000014   Zero   RW           18    .bss                main.o
    0x4000001c        -       0x00000060   Zero   RW          158    .bss                c_t.l(libspace.o)
    0x4000007c   0x000009cc   0x00000004   PAD
    0x40000080        -       0x00000000   Zero   RW            2    HEAP                startup.o
    0x40000080        -       0x00000488   Zero   RW            1    STACK               startup.o


==============================================================================

Image component sizes


      Code (inc. data)   RO Data    RW Data    ZI Data      Debug   Object Name

       800         60          0          8         20       5770   main.o
       304         60          0          0       1160        564   startup.o

    ----------------------------------------------------------------------
      1104        120         32          8       1180       6334   Object Totals
         0          0         32          0          0          0   (incl. Generated)
         0          0          0          0          0          0   (incl. Padding)

    ----------------------------------------------------------------------

      Code (inc. data)   RO Data    RW Data    ZI Data      Debug   Library Member Name

         8          0          0          0          0         68   __main.o
         4          0          0          0          0        120   __printf.o
       328          6         17          0          0         92   __printf_flags_wp.o
        14          0          0          0          0         60   __printf_wp.o
         0          0          0          0          0          0   __rtentry.o
        44          4          0          0          0          0   __rtentry2.o
         8          0          0          0          0          0   __rtentry4.o
        60          8          0          0          0          0   __scatter.o
        40          0          0          0          0          0   __scatter_copy.o
        44          0          0          0          0          0   __scatter_zi.o
        48          4          0          0          0         96   _printf_char_common.o
         8          0          0          0          0          0   _printf_d.o
       120         18          0          0          0         88   _printf_dec.o
       186          0          0          0          0         96   _printf_intcommon.o
        86          0          0          0          0        116   _printf_pad.o
         4          0          0          0          0          0   _printf_percent.o
         8          0          0          0          0          0   _printf_percent_end.o
        10          0          0          0          0         60   _sputc.o
        20          0          0          0          0         80   exit.o
         6          0          0          0          0        136   heapauxi.o
         0          0          0          0          0          0   indicate_semi.o
        10          0          0          0          0          0   libinit.o
        12          0          0          0          0          0   libinit2.o
        12          0          0          0          0          0   libshutdown.o
         6          0          0          0          0          0   libshutdown2.o
        12          4          0          0         96         68   libspace.o
        48          4          0          0          0         84   noretval__2sprintf.o
         8          0          0          0          0          0   rtexit.o
        12          0          0          0          0          0   rtexit2.o
        48          0          0          0          0         68   rtudiv10.o
        20          4          0          0          0         60   sys_exit.o
        96          0          0          0          0         80   sys_stackheap_outer.o
         4          0          0          0          0         68   use_no_semi.o

    ----------------------------------------------------------------------
      1344         52         20          0        100       1440   Library Totals
        10          0          3          0          4          0   (incl. Padding)

    ----------------------------------------------------------------------

      Code (inc. data)   RO Data    RW Data    ZI Data      Debug   Library Name

      1334         52         17          0         96       1440   c_t.l

    ----------------------------------------------------------------------
      1344         52         20          0        100       1440   Library Totals

    ----------------------------------------------------------------------

==============================================================================


      Code (inc. data)   RO Data    RW Data    ZI Data      Debug   

      2448        172         52          8       1280       6982   Grand Totals
      2448        172         52          8       1280       6982   ELF Image Totals
      2448        172         52          8          0          0   ROM Totals

==============================================================================

    Total RO  Size (Code + RO Data)                 2500 (   2.44kB)
    Total RW  Size (RW Data + ZI Data)              1288 (   1.26kB)
    Total ROM Size (Code + RO Data + RW Data)       2508 (   2.45kB)

==============================================================================

